Drill report for v3.kicad_pcb
Created on 2026-01-29T20:02:49+0530

Copper Layer Stackup:
    =============================================================
    L1 :  F.Cu                      front
    L2 :  B.Cu                      back


Drill file 'v3-PTH.drl' contains
    plated through holes:
    =============================================================
    T1  0.400mm  0.0157"  (111 holes)
    T2  0.600mm  0.0236"  (4 holes)  (with 4 slots)
    T3  1.000mm  0.0394"  (46 holes)  (with 3 slots)

    Total plated holes count 161


Drill file 'v3-NPTH.drl' contains
    unplated through holes:
    =============================================================
    T1  0.650mm  0.0256"  (2 holes)
    T2  0.900mm  0.0354"  (2 holes)
    T3  2.700mm  0.1063"  (4 holes)

    Total unplated holes count 8
